// Jest Snapshot v1, https://goo.gl/fbAQLP

exports[`<MessageMyDoctor/> log in 1`] = `
<View
  accessibilityLabel="MessageMyDoctor"
  style={
    Array [
      Object {
        "alignItems": "center",
        "height": 145.06,
        "justifyContent": "center",
        "marginTop": 17,
        "width": 750,
      },
      Object {},
    ]
  }
  testID="MessageMyDoctor"
>
  <View
    style={
      Object {
        "backgroundColor": "transparent",
        "height": 40,
        "justifyContent": "flex-end",
      }
    }
  >
    <Text
      allowFontScaling={false}
      ellipsizeMode="tail"
      numberOfLines={2}
      style={
        Array [
          Object {
            "fontFamily": "TitilliumWeb-Regular",
            "fontSize": 17.5,
            "lineHeight": 22,
            "overflow": "visible",
          },
          Object {
            "color": "rgba(27, 106, 158, 0.85)",
            "fontSize": 17.5,
            "lineHeight": 21,
          },
          Object {
            "textAlign": "center",
          },
        ]
      }
    >
      dashboard.messageMyDoctor
    </Text>
  </View>
  <View
    accessible={true}
    focusable={true}
    onClick={[Function]}
    onResponderGrant={[Function]}
    onResponderMove={[Function]}
    onResponderRelease={[Function]}
    onResponderTerminate={[Function]}
    onResponderTerminationRequest={[Function]}
    onStartShouldSetResponder={[Function]}
    style={
      Object {
        "opacity": 1,
      }
    }
  >
    <View />
  </View>
</View>
`;

exports[`<MessageMyDoctor/> log out 1`] = `null`;
